[roseline-demo.envelope.id/index3910.html]
[backblue.gif]
[fade.gif]
[index.html]
[ajax.googleapis.com/ajax/libs/jquery/3.7.1/jquery.min.js]
[wp.envelope.id/wp-content/plugins/litespeed-cache/assets/js/webfontloader.min.js]
[wp.envelope.id/wp-content/plugins/elementor/assets/css/frontend.min1ffb.css]
[wp.envelope.id/wp-content/uploads/2025/03/freepik__digital-painting-hanging-pink-rose-flowers-and-gre__94518-1.png]
[wp.envelope.id/wp-content/uploads/2024/03/Lux1-37-FILEminimizer.jpg]
[wp.envelope.id/wp-content/uploads/2024/01/card-bg-1024x640.jpg]
[wp.envelope.id/wp-content/uploads/2025/02/pinklush-green-vines-hanging-decor-nature-foliage-greenery-plants-leaves-background1.png]
[wp.envelope.id/wp-content/plugins/elementor/assets/css/widget-heading.min1ffb.css]
[wp.envelope.id/wp-content/plugins/elementor/assets/lib/eicons/css/elementor-icons.min705c.css]
[wp.envelope.id/wp-content/plugins/elementor/assets/lib/swiper/v8/css/swiper.min94a4.css]
[wp.envelope.id/wp-content/plugins/elementor/assets/css/conditionals/e-swiper.min1ffb.css]
[wp.envelope.id/wp-content/plugins/pro-elements/assets/css/conditionals/popup.min3e3b.css]
[wp.envelope.id/wp-content/plugins/elementor/assets/lib/animations/styles/zoomIn.min1ffb.css]
[wp.envelope.id/wp-content/plugins/pro-elements/assets/css/widget-countdown.min3e3b.css]
[wp.envelope.id/wp-content/plugins/elementor/assets/css/widget-image.min1ffb.css]
[wp.envelope.id/wp-content/plugins/pro-elements/assets/css/widget-form.min3e3b.css]
[wp.envelope.id/wp-content/plugins/envelopementor/widgets/rsvp/style311e.css]
[wp.envelope.id/wp-content/plugins/envelopementor/widgets/music-and-video/stylef096.css]
[wp.envelope.id/wp-content/plugins/elementor/assets/lib/animations/styles/fadeInUp.min1ffb.css]
[wp.envelope.id/wp-content/plugins/envelopementor/widgets/credit/stylecfa9.css]
[wp.envelope.id/wp-content/plugins/elementor/assets/css/widget-icon-list.min1ffb.css]
[wp.envelope.id/wp-content/plugins/elementor/assets/lib/font-awesome/css/fontawesome.min52d5.css]
[wp.envelope.id/wp-content/plugins/elementor/assets/lib/font-awesome/css/solid.min52d5.css]
[wp.envelope.id/wp-content/plugins/elementor/assets/lib/font-awesome/css/brands.min52d5.css]
[wp.envelope.id/wp-includes/js/jquery/jquery.minf43b.js]
[wp.envelope.id/wp-content/litespeed/js/5e2d011ae2244df1409d831175fe190cc3bf.js]
[wp.envelope.id/wp-content/uploads/2023/09/IMG_9038-150x150.png]
[wp.envelope.id/wp-content/uploads/2023/09/IMG_9038-300x300.png]
[unpkg.com/@lottiefiles/lottie-player@2.0.12/dist/lottie-player.js]
[wp.envelope.id/wp-content/uploads/2025/02/bg.jpg]
[wp.envelope.id/wp-content/uploads/2025/04/stage3.png]
[wp.envelope.id/wp-content/uploads/2025/02/inv_127_q7R5RKMt-e1738941429563.png]
[wp.envelope.id/wp-content/uploads/2025/02/flowers2.png]
[wp.envelope.id/wp-content/uploads/2025/02/vases1.png]
[wp.envelope.id/wp-content/uploads/2025/02/lamps1.png]
[wp.envelope.id/wp-content/uploads/2025/02/arch1.png]
[wp.envelope.id/wp-content/uploads/2025/02/rose-pink-gold-floral-arrangement-background-frame5-1-e1739704958413.png]
[roseline-demo.envelope.id/transparent.html]
[roseline-demo.envelope.id/wp-content/plugins/litespeed-cache/guest.vary.html]
[wp.envelope.id/wp-content/uploads/2025/02/textarea2.png]
[wp.envelope.id/wp-content/uploads/2025/02/spark1.png]
[wp.envelope.id/wp-content/uploads/2025/02/rose-pink-gold-floral-arrangement-background-frame3.png]
[cdn.jsdelivr.net/npm/nanogallery2@3/dist/css/nanogallery2.min.css]
[cdn.jsdelivr.net/npm/nanogallery2@3/dist/jquery.nanogallery2.min.js]
[wp.envelope.id/wp-content/uploads/2024/03/Lux1-46-FILEminimizer.jpg]
[wp.envelope.id/wp-content/uploads/2024/03/Lux1-37-FILEminimizer-1.jpg]
[wp.envelope.id/wp-content/uploads/2024/03/Lux1-16-FILEminimizer.jpg]
[wp.envelope.id/wp-content/uploads/2024/03/Lux1-31-FILEminimizer.jpg]
[wp.envelope.id/wp-content/uploads/2024/03/Lux1-30-FILEminimizer-1.jpg]
[wp.envelope.id/wp-content/uploads/2025/11/inv_117_hk9rJHg--576x1024.jpg]
[wp.envelope.id/wp-content/uploads/2024/02/bca.png]
[wp.envelope.id/wp-content/uploads/2024/01/chip-atm.png]
[wp.envelope.id/wp-content/uploads/2024/02/mandiri.png]
[wp.envelope.id/wp-content/uploads/2024/01/gift-1.png]
[wp.envelope.id/wp-content/uploads/2025/02/rose-pink-gold-floral-arrangement-background-frame5.png]
[wp.envelope.id/wp-content/uploads/2025/02/inv_127_q7R5RKMt-e1738941429563-1024x1024.png]
[wp.envelope.id/wp-content/litespeed/js/e18eb19edfa0572ac30a01f5901829485edf.js]
[wp.envelope.id/wp-content/litespeed/js/6be64988d159c7e2420269b0b99bf7ffac4b.js]
[wp.envelope.id/wp-content/litespeed/js/bca88d22ce3735cdecb499b5561c56def5d0.js]
[wp.envelope.id/wp-content/litespeed/js/d27c97c2a4f54ca9c2d2ed1c0d12ca53a12d.js]
[wp.envelope.id/wp-content/litespeed/js/d076f630df5188dbefa9e3dabba931f385bb.js]
[wp.envelope.id/wp-content/litespeed/js/6e6cf3414c6ef340fcee2d1e3b64246d1457.js]
[wp.envelope.id/wp-content/litespeed/js/ab39a73a78bf8fcba8c59812864424fa900e.js]
[wp.envelope.id/wp-content/litespeed/js/fb817ed7d817de15b7956eeea6d9f6419f17.js]
[wp.envelope.id/wp-content/litespeed/js/ced1cf51473ed0927f71f641881ae0f41e47.js]
[roseline-demo.envelope.id/index3910.html]
[wp.envelope.id/wp-content/plugins/litespeed-cache/assets/js/webfontloader.min.js]
[wp.envelope.id/wp-content/plugins/elementor/assets/css/frontend.min1ffb.css]
[wp.envelope.id/wp-content/plugins/elementor/assets/css/widget-heading.min1ffb.css]
[wp.envelope.id/wp-content/plugins/elementor/assets/lib/eicons/css/elementor-icons.min705c.css]
[wp.envelope.id/wp-content/plugins/elementor/assets/lib/swiper/v8/css/swiper.min94a4.css]
[wp.envelope.id/wp-content/plugins/elementor/assets/css/conditionals/e-swiper.min1ffb.css]
[wp.envelope.id/wp-content/plugins/pro-elements/assets/css/conditionals/popup.min3e3b.css]
[wp.envelope.id/wp-content/plugins/elementor/assets/lib/animations/styles/zoomIn.min1ffb.css]
[wp.envelope.id/wp-content/plugins/pro-elements/assets/css/widget-countdown.min3e3b.css]
[wp.envelope.id/wp-content/plugins/elementor/assets/css/widget-image.min1ffb.css]
[wp.envelope.id/wp-content/plugins/pro-elements/assets/css/widget-form.min3e3b.css]
[wp.envelope.id/wp-content/plugins/envelopementor/widgets/rsvp/style311e.css]
[wp.envelope.id/wp-content/plugins/envelopementor/widgets/music-and-video/stylef096.css]
[wp.envelope.id/wp-content/plugins/elementor/assets/lib/animations/styles/fadeInUp.min1ffb.css]
[wp.envelope.id/wp-content/plugins/envelopementor/widgets/credit/stylecfa9.css]
[wp.envelope.id/wp-content/plugins/elementor/assets/css/widget-icon-list.min1ffb.css]
[wp.envelope.id/wp-content/plugins/elementor/assets/lib/font-awesome/css/fontawesome.min52d5.css]
[wp.envelope.id/wp-content/plugins/elementor/assets/lib/font-awesome/css/solid.min52d5.css]
[wp.envelope.id/wp-content/plugins/elementor/assets/lib/font-awesome/css/brands.min52d5.css]
[wp.envelope.id/wp-includes/js/jquery/jquery.minf43b.js]
[wp.envelope.id/wp-content/litespeed/js/5e2d011ae2244df1409d831175fe190cc3bf.js]
[roseline-demo.envelope.id/transparent.html]
[wp.envelope.id/wp-content/litespeed/js/40b8a50b3ed6bd3512e831e15e5c24651ba2.js]
[roseline-demo.envelope.id/wp-content/plugins/litespeed-cache/guest.vary.html]
[roseline-demo.envelope.id/wp-content/plugins/litespeed-cache/transparent.html]
[cdn.jsdelivr.net/npm/nanogallery2@3/dist/css/font/ngy2_icon_fonte0a5.woff2]
[cdn.jsdelivr.net/npm/nanogallery2@3/dist/css/font/ngy2_icon_fonte0a5.woff]
[cdn.jsdelivr.net/npm/nanogallery2@3/dist/css/nanogallery2.min.css]
[wp.envelope.id/wp-content/litespeed/js/e18eb19edfa0572ac30a01f5901829485edf.js]
[wp.envelope.id/wp-content/litespeed/js/6be64988d159c7e2420269b0b99bf7ffac4b.js]
[wp.envelope.id/wp-content/litespeed/js/bca88d22ce3735cdecb499b5561c56def5d0.js]
[wp.envelope.id/wp-content/litespeed/js/d27c97c2a4f54ca9c2d2ed1c0d12ca53a12d.js]
[wp.envelope.id/wp-content/litespeed/js/d076f630df5188dbefa9e3dabba931f385bb.js]
[wp.envelope.id/wp-content/litespeed/js/6e6cf3414c6ef340fcee2d1e3b64246d1457.js]
[wp.envelope.id/wp-content/litespeed/js/ab39a73a78bf8fcba8c59812864424fa900e.js]
[wp.envelope.id/wp-content/litespeed/js/fb817ed7d817de15b7956eeea6d9f6419f17.js]
[wp.envelope.id/wp-content/litespeed/js/ced1cf51473ed0927f71f641881ae0f41e47.js]
[roseline-demo.envelope.id/-negative.html]
[wp.envelope.id/wp-content/litespeed/js/40b8a50b3ed6bd3512e831e15e5c24651ba2.js]
[roseline-demo.envelope.id/wp-content/plugins/litespeed-cache/transparent.html]
[roseline-demo.envelope.id/window.location.html]
[roseline-demo.envelope.id/OPR/index.html]
[roseline-demo.envelope.id/-negative.html]
[roseline-demo.envelope.id/OPR/index.html]
[roseline-demo.envelope.id/window.location.html]
[roseline-demo.envelope.id/OPR/transparent.html]
[roseline-demo.envelope.id/OPR/transparent.html]
